// Vitest Snapshot v1, https://vitest.dev/guide/snapshot.html

exports[`Snapshot > Snapshot works 1`] = `3`;
